[p2908yuti.editorx.io/healthriskpredictor.html]
[static.parastorage.com/unpkg/core-js-bundle@3.2.1/minified.js]
[static.parastorage.com/unpkg/focus-within-polyfill@5.0.9/dist/focus-within-polyfill.js]
[polyfill.io/v3/polyfill.mind82c.js]
[browser.sentry-cdn.com/6.18.2/bundle.min.js]
[p2908yuti.editorx.io/decodeURIComponent(e]
[backblue.gif]
[fade.gif]
[index.html]
[p2908yuti.editorx.io/sitemap.xml]
[p2908yuti.editorx.io/feed.xml]
[static.parastorage.com/services/wix-thunderbolt/dist/ab-test-compilation/thunderbolt-commons.c358a6aa.bundle.min.js]
[static.parastorage.com/services/wix-thunderbolt/dist/ab-test-compilation/main.0ae44ec8.bundle.min.js]
[p2908yuti.editorx.io/index.html]
[static.parastorage.com/unpkg/react@16.14.0/umd/react.production.min.js]
[static.parastorage.com/unpkg/lodash@4.17.21/lodash.min.js]
[static.parastorage.com/services/tag-manager-client/1.705.0/siteTags.bundle.min.js]
[static.parastorage.com/services/wix-perf-measure/1.1058.0/wix-perf-measure.umd.min.js]
[static.parastorage.com/unpkg/react-dom@16.14.0/umd/react-dom.production.min.js]
[p2908yuti.editorx.io/healthriskpredictor/blank.html]
[static.wixstatic.com/media/b97d25677d684c4dab1d9783ae780039.jpg/v1/fill/w_100,h_67,al_c,q_80,usm_0.66_1.00_0.01,blur_3,enc_auto/b97d25677d684c4dab1d9783ae780039.jpg]
[p2908yuti.editorx.io/healthriskpredictor/blank-2.html]
[static.wixstatic.com/media/ffc0d41b812946ac9f194fe20c61ed05.jpg/v1/fill/w_147,h_29,al_c,q_80,usm_0.66_1.00_0.01,blur_2,enc_auto/Syringe.jpg]
[p2908yuti.editorx.io/healthriskpredictor.html]
[p2908yuti.editorx.io/decodeURIComponent(e.html]
[p2908yuti.editorx.io/sitemap.html]
[p2908yuti.editorx.io/feed.html]
[p2908yuti.editorx.io/index.html]
[p2908yuti.editorx.io/healthriskpredictor/decodeURIComponent(e]
[p2908yuti.editorx.io/healthriskpredictor/robots.txt]
[p2908yuti.editorx.io/healthriskpredictor/sitemap.xml]
[p2908yuti.editorx.io/healthriskpredictor/feed.xml]
[p2908yuti.editorx.io/healthriskpredictor/blank.html]
[static.parastorage.com/services/wix-thunderbolt/dist/thunderbolt-commons.9c28ce51.bundle.min.js]
[static.wixstatic.com/media/11062b_64c9871f860b45b0a888f748032631d9_mv2_d_5/v1/fill/w_100,h_67,al_c,q_80,usm_0.66_1.00_0.01,blur_3,/11062b_64c9871f860b45b0a888f748032631d9_mv2_d_5700_3804_s_4_2.17.dela]
[static.parastorage.com/services/wix-thunderbolt/dist/main.ce16b4b6.bundle.min.js]
[static.wixstatic.com/media/11062b_8cdac871411e456b92f90297324a0ad8_mv2.jpeg/v1/fill/w_100,h_67,al_c,q_80,usm_0.66_1.00_0.01,blur_3,enc_auto/11062b_8cdac871411e456b92f90297324a0ad8_mv2.jpg]
[p2908yuti.editorx.io/healthriskpredictor/blank-2.html]
[p2908yuti.editorx.io/healthriskpredictor/decodeURIComponent(e.html]
[p2908yuti.editorx.io/healthriskpredictor/robots.html]
[p2908yuti.editorx.io/healthriskpredictor/feed.html]
